
> d2l-dark-mode@1.0.0 test
> vitest run


[1m[46m RUN [49m[22m [36mv3.2.4 [39m[90mC:/MyProjects/DarkModeProject/d2l-dark-mode[39m

 [32mΓ£ô[39m tests/unit/config.test.js [2m([22m[2m23 tests[22m[2m)[22m[32m 14[2mms[22m[39m
 [32mΓ£ô[39m tests/unit/detection.test.js [2m([22m[2m9 tests[22m[2m)[22m[32m 25[2mms[22m[39m
 [31mΓ¥»[39m tests/unit/shadow-dom.test.js [2m([22m[2m12 tests[22m[2m | [22m[31m2 failed[39m[2m)[22m[32m 37[2mms[22m[39m
   [32mΓ£ô[39m shadow-dom.js[2m > [22mbuildShadowCSS()[2m > [22mbuildShadowCSS(true, true) includes img, picture, video, canvas[32m 5[2mms[22m[39m
   [32mΓ£ô[39m shadow-dom.js[2m > [22mbuildShadowCSS()[2m > [22mbuildShadowCSS(false, true) excludes canvas[32m 2[2mms[22m[39m
[31m   [31m├ù[31m shadow-dom.js[2m > [22mbuildShadowCSS()[2m > [22mbuildShadowCSS(true, false) excludes video[39m[32m 6[2mms[22m[39m
[31m     ΓåÆ expected '\n    img, picture, canvas {\n      fΓÇª' not to match /\bvideo\b/[39m
[31m   [31m├ù[31m shadow-dom.js[2m > [22mbuildShadowCSS()[2m > [22mbuildShadowCSS(false, false) excludes both canvas and video[39m[32m 3[2mms[22m[39m
[31m     ΓåÆ expected '\n    img, picture {\n      filter: iΓÇª' not to match /\bvideo\b/[39m
   [32mΓ£ô[39m shadow-dom.js[2m > [22mbuildShadowCSS()[2m > [22mall variants include popover rules[32m 1[2mms[22m[39m
   [32mΓ£ô[39m shadow-dom.js[2m > [22msharedShadowSheet[2m > [22mexists and has replaceSync method[32m 2[2mms[22m[39m
   [32mΓ£ô[39m shadow-dom.js[2m > [22minjectShadowStyles()[2m > [22madds sheet to adoptedStyleSheets[32m 3[2mms[22m[39m
   [32mΓ£ô[39m shadow-dom.js[2m > [22minjectShadowStyles()[2m > [22mis idempotent (does not duplicate)[32m 2[2mms[22m[39m
   [32mΓ£ô[39m shadow-dom.js[2m > [22mstartShadowObserver() / stopShadowObserver()[2m > [22mstartShadowObserver does not throw[32m 7[2mms[22m[39m
   [32mΓ£ô[39m shadow-dom.js[2m > [22mstartShadowObserver() / stopShadowObserver()[2m > [22mstopShadowObserver does not throw[32m 2[2mms[22m[39m
   [32mΓ£ô[39m shadow-dom.js[2m > [22mstartShadowObserver() / stopShadowObserver()[2m > [22mstopShadowObserver is safe to call without start[32m 1[2mms[22m[39m
   [32mΓ£ô[39m shadow-dom.js[2m > [22mremoveShadowStyles()[2m > [22mremoves sheet from shadow roots[32m 3[2mms[22m[39m
 [32mΓ£ô[39m tests/integration/main.test.js [2m([22m[2m11 tests[22m[2m)[22m[32m 40[2mms[22m[39m
 [32mΓ£ô[39m tests/unit/gate.test.js [2m([22m[2m14 tests[22m[2m)[22m[32m 31[2mms[22m[39m
 [32mΓ£ô[39m tests/unit/dark-mode-core.test.js [2m([22m[2m19 tests[22m[2m)[22m[32m 64[2mms[22m[39m
 [32mΓ£ô[39m tests/unit/video.test.js [2m([22m[2m14 tests[22m[2m)[22m[32m 97[2mms[22m[39m
 [32mΓ£ô[39m tests/unit/service-worker.test.js [2m([22m[2m13 tests[22m[2m)[22m[32m 173[2mms[22m[39m
 [32mΓ£ô[39m tests/integration/popup.test.js [2m([22m[2m14 tests[22m[2m)[22m[32m 192[2mms[22m[39m

[2m Test Files [22m [1m[31m1 failed[39m[22m[2m | [22m[1m[32m8 passed[39m[22m[90m (9)[39m
[2m      Tests [22m [1m[31m2 failed[39m[22m[2m | [22m[1m[32m127 passed[39m[22m[90m (129)[39m
[2m   Start at [22m 02:50:55
[2m   Duration [22m 1.66s[2m (transform 113ms, setup 0ms, collect 387ms, tests 675ms, environment 8.88s, prepare 1.51s)[22m

